
> ts6feb@0.0.1 build
> vite build

node.exe : The following Vite config options will be 
overridden by SvelteKit:
At C:\Program Files\nodejs\npm.ps1:29 char:3
+   & $NODE_EXE $NPM_CLI_JS $args
+   ~~~~~~~~~~~~~~~~~~~~~~~~~~~~~
    + CategoryInfo          : NotSpecified: (The foll 
   owing V...n by SvelteKit::String) [], RemoteExcep  
  tion
    + FullyQualifiedErrorId : NativeCommandError
 
  - base
[36mvite v6.1.0 [32mbuilding SSR bundle for production...[36m[39m
transforming...

src\routes\docs\+layout.svelte
`<slot />` or `{@render ...}` tag missing ÔÇö inner content will not be rendered
04:13:40 [vite-plugin-svelte] 
src/routes/auth-error/+page.svelte:69:10 Using 
`on:click` to listen to the click event is 
deprecated. Use the event attribute `onclick` instead
https://svelte.dev/e/event_directive_deprecated
67:         <button 
68:           class="px-4 py-2 bg-blue-600 text-white 
rounded hover:bg-blue-700 transition-colors"
69:           on:click={tryAgain}
                                 ^
70:         >
71:           Try Again
04:13:40 [vite-plugin-svelte] 
src/routes/auth-error/+page.svelte:76:10 Using 
`on:click` to listen to the click event is 
deprecated. Use the event attribute `onclick` instead
https://svelte.dev/e/event_directive_deprecated
74:         <button 
75:           class="px-4 py-2 bg-gray-600 text-white 
rounded hover:bg-gray-700 transition-colors"
76:           on:click={goHome}
                               ^
77:         >
78:           Go Home
04:13:40 [vite-plugin-svelte] 
src/routes/auth-error/+page.svelte:83:10 Using 
`on:click` to listen to the click event is 
deprecated. Use the event attribute `onclick` instead
https://svelte.dev/e/event_directive_deprecated
81:         <button 
82:           class="px-4 py-2 bg-purple-600 
text-white rounded hover:bg-purple-700 
transition-colors"
83:           on:click={copyErrorDetails}
                                         ^
84:         >
85:           Copy Error Details
04:13:41 [vite-plugin-svelte] 
src/routes/test-username/+page.svelte:62:6 Using 
`on:click` to listen to the click event is 
deprecated. Use the event attribute `onclick` instead
https://svelte.dev/e/event_directive_deprecated
60:     
61:     <button
62:       on:click={checkUsername}
                                  ^
63:       disabled={loading}
64:       class="w-full bg-swift-purple text-white 
py-2 px-4 rounded-md hover:bg-purple-700 
transition-colors disabled:opacity-50"
[32mÔ£ô[39m 87 modules transformed.
[31mx[39m Build failed in 1.56s
[31merror during build:
[31m[vite:load-fallback] Could not load C:\Users\Brav
o\CascadeProjects\ts10feb\src\lib/types/auth 
(imported by src/hooks.server.js): ENOENT: no such 
file or directory, open 'C:\Users\Bravo\CascadeProject
s\ts10feb\src\lib\types\auth'[31m
    at async open (node:internal/fs/promises:638:25)
    at async Object.readFile 
(node:internal/fs/promises:1238:14)
    at async Object.load (file:///C:/Users/Bravo/Casca
deProjects/ts10feb/node_modules/vite/dist/node/chunks/
dep-CfG9u7Cn.js:50986:25)
    at async PluginDriver.hookFirstAndGetPlugin (file:
///C:/Users/Bravo/CascadeProjects/ts10feb/node_modules
/rollup/dist/es/shared/node-entry.js:21738:28)
    at async file:///C:/Users/Bravo/CascadeProjects/ts
10feb/node_modules/rollup/dist/es/shared/node-entry.js
:20861:33
    at async Queue.work (file:///C:/Users/Bravo/Cascad
eProjects/ts10feb/node_modules/rollup/dist/es/shared/n
ode-entry.js:21948:32)[39m
